// Jest Snapshot v1, https://goo.gl/fbAQLP

exports[`Calculator Displays correct layout of Calculator 1`] = `
<div
  style={
    Object {
      "display": "flex",
      "justifyContent": "space-between",
    }
  }
>
  <h2>
    Let's do some Math
  </h2>
  <div
    className="calc-container"
  >
    <div
      className="display-container"
    >
      <p
        className="value"
        id="display-value"
      >
        0
      </p>
    </div>
    <div
      className="keypad"
    >
      <input
        className="calc-btn other"
        data-testid="calc-key"
        onClick={[Function]}
        type="button"
        value="AC"
      />
      <input
        className="calc-btn other"
        data-testid="calc-key"
        onClick={[Function]}
        type="button"
        value="+/-"
      />
      <input
        className="calc-btn other"
        data-testid="calc-key"
        onClick={[Function]}
        type="button"
        value="%"
      />
      <input
        className="calc-btn operator"
        data-testid="calc-key"
        onClick={[Function]}
        type="button"
        value="รท"
      />
      <input
        className="calc-btn other"
        data-testid="calc-key"
        onClick={[Function]}
        type="button"
        value="7"
      />
      <input
        className="calc-btn other"
        data-testid="calc-key"
        onClick={[Function]}
        type="button"
        value="8"
      />
      <input
        className="calc-btn other"
        data-testid="calc-key"
        onClick={[Function]}
        type="button"
        value="9"
      />
      <input
        className="calc-btn operator"
        data-testid="calc-key"
        onClick={[Function]}
        type="button"
        value="x"
      />
      <input
        className="calc-btn other"
        data-testid="calc-key"
        onClick={[Function]}
        type="button"
        value="4"
      />
      <input
        className="calc-btn other"
        data-testid="calc-key"
        onClick={[Function]}
        type="button"
        value="5"
      />
      <input
        className="calc-btn other"
        data-testid="calc-key"
        onClick={[Function]}
        type="button"
        value="6"
      />
      <input
        className="calc-btn operator"
        data-testid="calc-key"
        onClick={[Function]}
        type="button"
        value="-"
      />
      <input
        className="calc-btn other"
        data-testid="calc-key"
        onClick={[Function]}
        type="button"
        value="1"
      />
      <input
        className="calc-btn other"
        data-testid="calc-key"
        onClick={[Function]}
        type="button"
        value="2"
      />
      <input
        className="calc-btn other"
        data-testid="calc-key"
        onClick={[Function]}
        type="button"
        value="3"
      />
      <input
        className="calc-btn operator"
        data-testid="calc-key"
        onClick={[Function]}
        type="button"
        value="+"
      />
      <input
        className="calc-btn other span-2-col"
        data-testid="calc-key"
        onClick={[Function]}
        type="button"
        value="0"
      />
      <input
        className="calc-btn other"
        data-testid="calc-key"
        onClick={[Function]}
        type="button"
        value="."
      />
      <input
        className="calc-btn operator"
        data-testid="calc-key"
        onClick={[Function]}
        type="button"
        value="="
      />
    </div>
  </div>
</div>
`;
